2026-05-02 13:47:01 +0000 - dagster - DEBUG - __ASSET_JOB - e3235653-0acd-4ffa-aeac-ac142567ebec - 8521 - LOGS_CAPTURED - Capturing logs for process (pid: 8521).
2026-05-02 13:47:01 +0000 - dagster - DEBUG - __ASSET_JOB - e3235653-0acd-4ffa-aeac-ac142567ebec - 8521 - raw_weather_kafka_stream - STEP_START - Started execution of step "raw_weather_kafka_stream".
2026-05-02 13:47:01 +0000 - dagster - INFO - __ASSET_JOB - e3235653-0acd-4ffa-aeac-ac142567ebec - raw_weather_kafka_stream - Triggering the Kafka producer script...
2026-05-02 13:47:01 +0000 - dagster - ERROR - __ASSET_JOB - e3235653-0acd-4ffa-aeac-ac142567ebec - raw_weather_kafka_stream - Producer failed with error: python: can't open file '/opt/dagster/streaming/producer.py': [Errno 2] No such file or directory

2026-05-02 13:47:02 +0000 - dagster - ERROR - __ASSET_JOB - e3235653-0acd-4ffa-aeac-ac142567ebec - 8521 - raw_weather_kafka_stream - STEP_FAILURE - Execution of step "raw_weather_kafka_stream" failed.

dagster._core.errors.DagsterExecutionStepExecutionError: Error occurred while executing op "raw_weather_kafka_stream"::

Exception: Producer script failed: python: can't open file '/opt/dagster/streaming/producer.py': [Errno 2] No such file or directory


Stack Trace:
  File "/usr/local/lib/python3.10/site-packages/dagster/_core/execution/plan/utils.py", line 57, in op_execution_error_boundary
    yield
  File "/usr/local/lib/python3.10/site-packages/dagster/_utils/__init__.py", line 394, in iterate_with_context
    next_output = next(iterator)
  File "/usr/local/lib/python3.10/site-packages/dagster/_core/execution/plan/compute_generator.py", line 135, in _coerce_op_compute_fn_to_iterator
    result = invoke_compute_fn(
  File "/usr/local/lib/python3.10/site-packages/dagster/_core/execution/plan/compute_generator.py", line 115, in invoke_compute_fn
    return fn(context, **args_to_pass) if context_arg_provided else fn(**args_to_pass)
  File "/opt/dagster/app/assets.py", line 30, in raw_weather_kafka_stream
    raise Exception(f"Producer script failed: {e.stderr}")

The above exception occurred during handling of the following exception:
subprocess.CalledProcessError: Command '['python', '/opt/dagster/streaming/producer.py']' returned non-zero exit status 2.

Stack Trace:
  File "/opt/dagster/app/assets.py", line 19, in raw_weather_kafka_stream
    process = subprocess.run(
  File "/usr/local/lib/python3.10/subprocess.py", line 526, in run
    raise CalledProcessError(retcode, process.args,

