2026-05-02 14:13:18 +0000 - dagster - DEBUG - __ASSET_JOB - df4ed977-a633-427c-b5ad-5639ed939827 - 1766 - LOGS_CAPTURED - Capturing logs for process (pid: 1766).
2026-05-02 14:13:18 +0000 - dagster - DEBUG - __ASSET_JOB - df4ed977-a633-427c-b5ad-5639ed939827 - 1766 - raw_weather_kafka_stream - STEP_START - Started execution of step "raw_weather_kafka_stream".
2026-05-02 14:13:18 +0000 - dagster - INFO - __ASSET_JOB - df4ed977-a633-427c-b5ad-5639ed939827 - raw_weather_kafka_stream - Triggering the Kafka producer script...
2026-05-02 14:13:36 +0000 - dagster - ERROR - __ASSET_JOB - df4ed977-a633-427c-b5ad-5639ed939827 - raw_weather_kafka_stream - Producer failed with error: %3|1777731202.753|FAIL|rdkafka#producer-1| [thrd:kafka:9092/bootstrap]: kafka:9092/bootstrap: Failed to resolve 'kafka:9092': Name or service not known (after 3968ms in state CONNECT)
%3|1777731207.756|FAIL|rdkafka#producer-1| [thrd:kafka:9092/bootstrap]: kafka:9092/bootstrap: Failed to resolve 'kafka:9092': Name or service not known (after 3969ms in state CONNECT, 1 identical error(s) suppressed)

2026-05-02 14:13:36 +0000 - dagster - ERROR - __ASSET_JOB - df4ed977-a633-427c-b5ad-5639ed939827 - 1766 - raw_weather_kafka_stream - STEP_FAILURE - Execution of step "raw_weather_kafka_stream" failed.

dagster._core.errors.DagsterExecutionStepExecutionError: Error occurred while executing op "raw_weather_kafka_stream"::

Exception: Producer script failed: %3|1777731202.753|FAIL|rdkafka#producer-1| [thrd:kafka:9092/bootstrap]: kafka:9092/bootstrap: Failed to resolve 'kafka:9092': Name or service not known (after 3968ms in state CONNECT)
%3|1777731207.756|FAIL|rdkafka#producer-1| [thrd:kafka:9092/bootstrap]: kafka:9092/bootstrap: Failed to resolve 'kafka:9092': Name or service not known (after 3969ms in state CONNECT, 1 identical error(s) suppressed)


Stack Trace:
  File "/usr/local/lib/python3.10/site-packages/dagster/_core/execution/plan/utils.py", line 57, in op_execution_error_boundary
    yield
  File "/usr/local/lib/python3.10/site-packages/dagster/_utils/__init__.py", line 394, in iterate_with_context
    next_output = next(iterator)
  File "/usr/local/lib/python3.10/site-packages/dagster/_core/execution/plan/compute_generator.py", line 135, in _coerce_op_compute_fn_to_iterator
    result = invoke_compute_fn(
  File "/usr/local/lib/python3.10/site-packages/dagster/_core/execution/plan/compute_generator.py", line 115, in invoke_compute_fn
    return fn(context, **args_to_pass) if context_arg_provided else fn(**args_to_pass)
  File "/opt/dagster/orchestration/assets.py", line 30, in raw_weather_kafka_stream
    raise Exception(f"Producer script failed: {e.stderr}")

The above exception occurred during handling of the following exception:
subprocess.CalledProcessError: Command '['python', '/opt/dagster/streaming/producer.py']' returned non-zero exit status 1.

Stack Trace:
  File "/opt/dagster/orchestration/assets.py", line 19, in raw_weather_kafka_stream
    process = subprocess.run(
  File "/usr/local/lib/python3.10/subprocess.py", line 526, in run
    raise CalledProcessError(retcode, process.args,

